<?xml version="1.0" encoding="utf-8"?><testsuites name="pytest tests"><testsuite name="pytest" errors="0" failures="0" skipped="0" tests="52" time="282.262" timestamp="2026-05-23T02:20:56.905935-07:00" hostname="DESKTOP-UC1CQR5"><testcase classname="Tests.selenium.SeleniumPython.Access_Control.test_admin_page_access" name="test_admin_access_control" time="5.737" /><testcase classname="Tests.selenium.SeleniumPython.Access_Control.test_citizen_dashboard_access" name="test_direct_url_bypass_block" time="3.805" /><testcase classname="Tests.selenium.SeleniumPython.Access_Control.test_department_access" name="test_department_page_access" time="4.875" /><testcase classname="Tests.selenium.SeleniumPython.Access_Control.test_direct_url_access" name="test_direct_url_bypass_block" time="3.758" /><testcase classname="Tests.selenium.SeleniumPython.Access_Control.test_direct_url_access" name="test_department_page_access" time="6.544" /><testcase classname="Tests.selenium.SeleniumPython.Access_Control.test_login_required_pages" name="test_login_required_redirect" time="3.713" /><testcase classname="Tests.selenium.SeleniumPython.Authentication.test_admin_login" name="test_super_admin_login" time="5.674" /><testcase classname="Tests.selenium.SeleniumPython.Authentication.test_citizen_login" name="test_citizen_login" time="7.317" /><testcase classname="Tests.selenium.SeleniumPython.Authentication.test_login" name="test_login" time="7.073" /><testcase classname="Tests.selenium.SeleniumPython.Authentication.test_logout" name="test_logout" time="5.641" /><testcase classname="Tests.selenium.SeleniumPython.Authentication.test_register" name="test_register" time="6.115" /><testcase classname="Tests.selenium.SeleniumPython.Authentication.test_surveyor_login" name="test_surveyor_login" time="5.657" /><testcase classname="Tests.selenium.SeleniumPython.Authentication.test_tech_login" name="test_tech_login" time="5.410" /><testcase classname="Tests.selenium.SeleniumPython.Authentication.test_worker_login" name="test_login_multiple_roles[Lamiya-23101132]" time="5.594" /><testcase classname="Tests.selenium.SeleniumPython.Complaint_Features.test_complaint_assignment" name="test_complaint_assignment" time="5.579" /><testcase classname="Tests.selenium.SeleniumPython.Complaint_Features.test_complaint_detail" name="test_complaint_detail" time="3.860" /><testcase classname="Tests.selenium.SeleniumPython.Complaint_Features.test_complaint_list" name="test_complaint_list" time="3.930" /><testcase classname="Tests.selenium.SeleniumPython.Complaint_Features.test_complaint_transfer" name="test_complaint_transfer" time="5.656" /><testcase classname="Tests.selenium.SeleniumPython.Complaint_Features.test_create_complaint" name="test_create_complaint" time="5.693" /><testcase classname="Tests.selenium.SeleniumPython.Complaint_Features.test_survey_form" name="test_surveyor_queue" time="6.210" /><testcase classname="Tests.selenium.SeleniumPython.Complaint_Features.test_surveyor_queue" name="test_surveyor_queue" time="5.632" /><testcase classname="Tests.selenium.SeleniumPython.Complaint_Features.test_transfer_review" name="test_transfer_review" time="3.411" /><testcase classname="Tests.selenium.SeleniumPython.Complaint_Features.test_worker_assignment" name="test_worker_assignment" time="5.791" /><testcase classname="Tests.selenium.SeleniumPython.Complaint_Features.test_worker_tasks" name="test_worker_tasks" time="13.102" /><testcase classname="Tests.selenium.SeleniumPython.Cross_Browser_Tests.test_login_chrome" name="test_login_chrome" time="5.936" /><testcase classname="Tests.selenium.SeleniumPython.Cross_Browser_Tests.test_login_edge" name="test_login_edge" time="5.758" /><testcase classname="Tests.selenium.SeleniumPython.Cross_Browser_Tests.test_login_firefox" name="test_login_firefox" time="12.612" /><testcase classname="Tests.selenium.SeleniumPython.Dashboards.test_admin_dashboard" name="test_admin_dashboard" time="5.544" /><testcase classname="Tests.selenium.SeleniumPython.Dashboards.test_citizen_dashboard" name="test_citizen_dashboard" time="5.461" /><testcase classname="Tests.selenium.SeleniumPython.Dashboards.test_surveyor_dashboard" name="test_surveyor_dashboard" time="5.979" /><testcase classname="Tests.selenium.SeleniumPython.Dashboards.test_tech_dashboard" name="test_tech_dashboard" time="5.546" /><testcase classname="Tests.selenium.SeleniumPython.Dashboards.test_worker_dashboard" name="test_worker_dashboard" time="5.781" /><testcase classname="Tests.selenium.SeleniumPython.Navigation_Tests.test_back_button" name="test_back_button" time="4.971" /><testcase classname="Tests.selenium.SeleniumPython.Navigation_Tests.test_breadcrumb_navigation" name="test_breadcrumb_navigation" time="4.118" /><testcase classname="Tests.selenium.SeleniumPython.Navigation_Tests.test_dashboard_redirects" name="test_sidebar_navigation" time="4.450" /><testcase classname="Tests.selenium.SeleniumPython.Navigation_Tests.test_footer_links" name="test_footer_links" time="4.022" /><testcase classname="Tests.selenium.SeleniumPython.Navigation_Tests.test_invalid_url_redirect" name="test_invalid_url_redirect" time="3.434" /><testcase classname="Tests.selenium.SeleniumPython.Navigation_Tests.test_navbar_links" name="test_navbar_links" time="4.637" /><testcase classname="Tests.selenium.SeleniumPython.Negative_Tests.test_empty_form_submission" name="test_empty_login_form" time="3.664" /><testcase classname="Tests.selenium.SeleniumPython.Negative_Tests.test_invalid_login" name="test_invalid_login" time="5.357" /><testcase classname="Tests.selenium.SeleniumPython.Role_Based_Features.test_admin_access_control" name="test_admin_access_control" time="6.192" /><testcase classname="Tests.selenium.SeleniumPython.Role_Based_Features.test_surveyor_access_control" name="test_surveyor_queue" time="5.608" /><testcase classname="Tests.selenium.SeleniumPython.Role_Based_Features.test_worker_access_control" name="test_worker_access_control" time="5.924" /><testcase classname="Tests.selenium.SeleniumPython.Static_Pages.test_about_page" name="test_about_page" time="4.592" /><testcase classname="Tests.selenium.SeleniumPython.Static_Pages.test_contact_page" name="test_contact_page" time="3.934" /><testcase classname="Tests.selenium.SeleniumPython.Static_Pages.test_faq_page" name="test_faq_page" time="3.976" /><testcase classname="Tests.selenium.SeleniumPython.Static_Pages.test_home_page" name="test_home_page" time="3.975" /><testcase classname="Tests.selenium.SeleniumPython.Static_Pages.test_privacy_page" name="test_privacy_page" time="3.911" /><testcase classname="Tests.selenium.SeleniumPython.Static_Pages.test_terms_page" name="test_terms_page" time="4.497" /><testcase classname="Tests.selenium.SeleniumPython.User_Features.test_admin_users_page" name="test_profile_page" time="6.108" /><testcase classname="Tests.selenium.SeleniumPython.User_Features.test_profile_page" name="test_profile_page" time="4.407" /><testcase classname="Tests.selenium.SeleniumPython.User_Features.test_public_dashboard" name="test_superadmin_page" time="5.769" /></testsuite></testsuites>